receivers:
- name: ""
  slack_configs:
  - app_token: xoxb-1234-abcdefgh
templates: []
